// Jest Snapshot v1, https://goo.gl/fbAQLP

exports[`displays a success message 1`] = `
<DocumentFragment>
  <div
    class="alert"
  >
    Success!!!
  </div>
</DocumentFragment>
`;

exports[`does not render a message if message props is empty 1`] = `[Function]`;
